2026-02-25 22:47:35|   0.0|  0.0|INFORM|Current FME version: FME 2025.0.3.0 (20250602 - Build 25241 - WIN64)
2026-02-25 22:47:35|   0.0|  0.0|INFORM|System Time: 20260225214735 UTC
2026-02-25 22:47:35|   0.0|  0.0|INFORM|FME_HOME is 'C:\Program Files\FME\'
2026-02-25 22:47:35|   0.0|  0.0|INFORM|FME Form (floating)
2026-02-25 22:47:35|   0.0|  0.0|INFORM|Permanent License.
2026-02-25 22:47:35|   0.0|  0.0|INFORM|Machine host name is: DESKTOP-BIEK64S
2026-02-25 22:47:35|   0.0|  0.0|INFORM|OS Locale Name     : en_CH
2026-02-25 22:47:35|   0.0|  0.0|INFORM|OS Locale Encoding : windows-1252
2026-02-25 22:47:35|   0.0|  0.0|INFORM|Process Encoding   : UTF-8
2026-02-25 22:47:35|   0.0|  0.0|INFORM|FME API version: '4.0 20240722'
2026-02-25 22:47:35|   0.0|  0.0|INFORM|FME Configuration: FME_BASE is 'no'
2026-02-25 22:47:35|   0.0|  0.0|INFORM|FME Configuration: FME_MF_DIR is 'C:\Users\DavidRasner\Documents\GitHub\workspace-management\scripts/'
2026-02-25 22:47:35|   0.0|  0.0|INFORM|FME Configuration: FME_MF_NAME is 'FME Floorplan Import.fmw'
2026-02-25 22:47:35|   0.0|  0.0|INFORM|FME Configuration: FME_PRODUCT_NAME is 'FME(R) 2025.0.3.0'
2026-02-25 22:47:35|   0.0|  0.0|INFORM|Operating System: Microsoft Windows 10 64-bit  (Build 19045)
2026-02-25 22:47:35|   0.0|  0.0|INFORM|FME Platform: WIN64
2026-02-25 22:47:35|   0.0|  0.0|INFORM|System Status: 85.89 GB of disk space available in the FME temporary folder (C:\Users\DAVIDR~1\AppData\Local\Temp\wbrun_1772056033822_22708\fmetmp_0)
2026-02-25 22:47:35|   0.0|  0.0|INFORM|System Status: 31.72 GB of physical memory available
2026-02-25 22:47:35|   0.0|  0.0|INFORM|System Status: 126.88 GB of virtual memory available
2026-02-25 22:47:35|   0.0|  0.0|INFORM|START - ProcessID: 41724, peak process memory usage: 41792 kB, current process memory usage: 41784 kB
2026-02-25 22:47:35|   0.0|  0.0|INFORM|FME Configuration: Command line arguments are `C:\Program Files\FME\fme.exe' `C:\Users\DavidRasner\Documents\GitHub\workspace-management\scripts\wb-xlate-1772056054511_22708' `--FME_LAUNCH_VIEWER_APP' `WORKBENCH' `LOG_STANDARDOUT' `YES' `LOG_TIMINGS' `YES' `LogCountServerName' `51579' `LOG_STANDARDOUT' `No' `WORKBENCH_LOG_SERVER' `51577'
2026-02-25 22:47:35|   0.0|  0.0|INFORM|FME Configuration: Connection Storage: 'C:\Users\DavidRasner\AppData\Roaming\Safe Software\FME\'
2026-02-25 22:47:35|   0.0|  0.0|INFORM|Shared folders for formats are : C:\Program Files\FME\datasources;C:\Users\DavidRasner\AppData\Roaming\Safe Software\FME\FME Store\Formats;C:\Users\DavidRasner\Documents\FME\Formats
2026-02-25 22:47:35|   0.0|  0.0|INFORM|Shared folders for transformers are : C:\Users\DavidRasner\AppData\Roaming\Safe Software\FME\Packages\25241-win64\transformers;C:\Program Files\FME\transformers;C:\Users\DavidRasner\AppData\Roaming\Safe Software\FME\FME Store\Transformers
2026-02-25 22:47:35|   0.0|  0.0|INFORM|Shared folders for coordinate systems are : C:\Users\DavidRasner\Documents\FME\CoordinateSystems
2026-02-25 22:47:35|   0.0|  0.0|INFORM|Shared folders for coordinate system exceptions are : C:\Users\DavidRasner\Documents\FME\CoordinateSystemExceptions
2026-02-25 22:47:35|   0.0|  0.0|INFORM|Shared folders for coordinate system grid overrides are : C:\Users\DavidRasner\Documents\FME\CoordinateSystemGridOverrides
2026-02-25 22:47:35|   0.0|  0.0|INFORM|Shared folders for CS-MAP transformation exceptions are : C:\Users\DavidRasner\Documents\FME\CsmapTransformationExceptions
2026-02-25 22:47:35|   0.0|  0.0|INFORM|Shared folders for transformer categories are : C:\Users\DavidRasner\Documents\FME\TransformerCategories
2026-02-25 22:47:35|   0.0|  0.0|INFORM|FME Configuration: No destination coordinate system set
2026-02-25 22:47:35|   0.0|  0.0|INFORM|FME Configuration: Current working folder is `C:\Users\DavidRasner\Documents\GitHub\workspace-management\scripts'
2026-02-25 22:47:35|   0.0|  0.0|INFORM|FME Configuration: Temporary folder is `C:\Users\DAVIDR~1\AppData\Local\Temp\wbrun_1772056033822_22708\fmetmp_0', set from environment variable `FME_TEMP'
2026-02-25 22:47:35|   0.0|  0.0|INFORM|FME Configuration: Cache folder is 'C:\Users\DAVIDR~1\AppData\Local\Temp'
2026-02-25 22:47:35|   0.0|  0.0|INFORM|FME Configuration: FME_HOME is `C:\Program Files\FME\'
2026-02-25 22:47:35|   0.0|  0.0|INFORM|FME Configuration: Start freeing memory when the process exceeds 95.16 GB
2026-02-25 22:47:35|   0.0|  0.0|INFORM|FME Configuration: Stop freeing memory when the process is below 71.37 GB
2026-02-25 22:47:35|   0.0|  0.0|INFORM|Creating writer for format: 
2026-02-25 22:47:35|   0.0|  0.0|INFORM|Creating reader for format: 
2026-02-25 22:47:35|   0.1|  0.1|INFORM|MULTI_READER(MULTI_READER): Will fail with first member reader failure
2026-02-25 22:47:35|   0.1|  0.0|INFORM|Using Multi Reader with keyword `MULTI_READER' to read multiple datasets
2026-02-25 22:47:35|   0.1|  0.0|INFORM|Using MultiWriter with keyword `MULTI_DEST' to output data (ID_ATTRIBUTE is `multi_writer_id')
2026-02-25 22:47:35|   0.1|  0.0|INFORM|Emptying factory pipeline
2026-02-25 22:47:35|   0.4|  0.3|INFORM|Creating reader for format: Autodesk AutoCAD DWG/DXF
2026-02-25 22:47:35|   0.4|  0.0|INFORM|Trying to find a DYNAMIC plugin for reader named `ACAD'
2026-02-25 22:47:38|   0.9|  0.5|INFORM|FeatureReader (QueryFactory): Performing query against ACAD dataset `D:\2011-DM-4. OG Bewirtschaftung DBB  2010-165820-2011DM.0.A04.6A1.dwg'
2026-02-25 22:47:38|   0.9|  0.0|INFORM|Creating reader for format: Autodesk AutoCAD DWG/DXF
2026-02-25 22:47:38|   0.9|  0.0|INFORM|Trying to find a DYNAMIC plugin for reader named `ACAD'
2026-02-25 22:47:38|   0.9|  0.0|INFORM|Creating reader for format: Autodesk AutoCAD DWG/DXF
2026-02-25 22:47:38|   0.9|  0.0|INFORM|Trying to find a DYNAMIC plugin for reader named `ACAD'
2026-02-25 22:47:39|   1.0|  0.1|INFORM|R_1 Reader: Using rich geometry.
2026-02-25 22:47:40|   1.2|  0.2|INFORM|AutoCAD Reader: Successfully opened the 'Release2004' AutoCAD file 'D:\2011-DM-4. OG Bewirtschaftung DBB  2010-165820-2011DM.0.A04.6A1.dwg'
2026-02-25 22:47:40|   1.3|  0.1|INFORM|Merged 32 schema features read from 1 datasets into 32 resulting feature types
2026-02-25 22:47:40|   1.5|  0.2|INFORM|R_1 Reader: Using rich geometry.
2026-02-25 22:47:40|   1.7|  0.2|INFORM|AutoCAD Reader: Successfully opened the 'Release2004' AutoCAD file 'D:\2011-DM-4. OG Bewirtschaftung DBB  2010-165820-2011DM.0.A04.6A1.dwg'
2026-02-25 22:47:40|   1.7|  0.0|WARN  |AutoCAD Reader: Failed to locate or read world file. Geometric attributes will not be transformed
2026-02-25 22:47:47|   8.8|  7.1|STATS |Creator_2_XML_Creator (CreationFactory): Created 1 features
2026-02-25 22:47:47|   8.8|  0.0|STATS |Creator_2_Cloner (TeeFactory): Cloned 1 input feature(s) into 1 output feature(s)
2026-02-25 22:47:47|   8.8|  0.0|STATS |Creator_2_CREATED Brancher -1 10 (BranchingFactory): Branched 1 input feature -- 1 feature routed to the target factory, and 0 features routed to the fallback factory.
2026-02-25 22:47:47|   8.8|  0.0|STATS |_CREATOR_BRANCH_TARGET (TeeFactory): Cloned 1 input feature(s) into 1 output feature(s)
2026-02-25 22:47:47|   8.8|  0.0|STATS |AttributeExposer (TeeFactory): Cloned 29414 input feature(s) into 29414 output feature(s)
2026-02-25 22:47:47|   8.8|  0.0|STATS |TestFilter_INPUT (TeeFactory): Cloned 29414 input feature(s) into 29414 output feature(s)
2026-02-25 22:47:47|   8.8|  0.0|STATS |TestFilter (TestFactory): Tested 29414 input feature(s) -- 85 feature(s) passed and 29329 feature(s) failed
2026-02-25 22:47:47|   8.8|  0.0|STATS |TestFilter @Value(autocad_layer) = A1Z21---E- Splitter (TeeFactory): Cloned 85 input feature(s) into 170 output feature(s)
2026-02-25 22:47:48|   9.0|  0.2|STATS |Destination Feature Type Routing Correlator (RoutingFactory): Tested 170 input feature(s), wrote 170 output feature(s): 0 matched merge filters, 0 were routed to output, 170 could not be routed.
2026-02-25 22:47:48|   9.0|  0.0|STATS |Final Output Nuker (TeeFactory): Cloned 170 input feature(s) into 0 output feature(s)
2026-02-25 22:47:48|   9.0|  0.0|WARN  |=-=-=-=-=-=-=-=-=-=-=-=-=-=-=-=-=-=-=-=-=-=-=-=-=-=-=-=-=-=-=-=-=-=-=-=-=-=-=-
2026-02-25 22:47:48|   9.0|  0.0|WARN  |      Features not written - verify feature type fanout/dynamic settings
2026-02-25 22:47:48|   9.0|  0.0|WARN  |=-=-=-=-=-=-=-=-=-=-=-=-=-=-=-=-=-=-=-=-=-=-=-=-=-=-=-=-=-=-=-=-=-=-=-=-=-=-=-
2026-02-25 22:47:48|   9.0|  0.0|WARN  |  (Check that fanout/dynamic feature type attribute exists and has a value)
2026-02-25 22:47:48|   9.0|  0.0|WARN  |=-=-=-=-=-=-=-=-=-=-=-=-=-=-=-=-=-=-=-=-=-=-=-=-=-=-=-=-=-=-=-=-=-=-=-=-=-=-=-
2026-02-25 22:47:48|   9.0|  0.0|WARN  |                                                                           170
2026-02-25 22:47:48|   9.0|  0.0|WARN  |==============================================================================
2026-02-25 22:47:48|   9.0|  0.0|WARN  |Total features not written                                                 170
2026-02-25 22:47:48|   9.0|  0.0|WARN  |=-=-=-=-=-=-=-=-=-=-=-=-=-=-=-=-=-=-=-=-=-=-=-=-=-=-=-=-=-=-=-=-=-=-=-=-=-=-=-
2026-02-25 22:47:48|   9.0|  0.0|STATS |=-=-=-=-=-=-=-=-=-=-=-=-=-=-=-=-=-=-=-=-=-=-=-=-=-=-=-=-=-=-=-=-=-=-=-=-=-=-=-
2026-02-25 22:47:48|   9.0|  0.0|STATS |                            Features Read Summary
2026-02-25 22:47:48|   9.0|  0.0|STATS |=-=-=-=-=-=-=-=-=-=-=-=-=-=-=-=-=-=-=-=-=-=-=-=-=-=-=-=-=-=-=-=-=-=-=-=-=-=-=-
2026-02-25 22:47:48|   9.0|  0.0|STATS |==============================================================================
2026-02-25 22:47:48|   9.0|  0.0|STATS |Total Features Read                                                          0
2026-02-25 22:47:48|   9.0|  0.0|STATS |=-=-=-=-=-=-=-=-=-=-=-=-=-=-=-=-=-=-=-=-=-=-=-=-=-=-=-=-=-=-=-=-=-=-=-=-=-=-=-
2026-02-25 22:47:48|   9.0|  0.0|STATS |=-=-=-=-=-=-=-=-=-=-=-=-=-=-=-=-=-=-=-=-=-=-=-=-=-=-=-=-=-=-=-=-=-=-=-=-=-=-=-
2026-02-25 22:47:48|   9.0|  0.0|STATS |                           Features Written Summary
2026-02-25 22:47:48|   9.0|  0.0|STATS |=-=-=-=-=-=-=-=-=-=-=-=-=-=-=-=-=-=-=-=-=-=-=-=-=-=-=-=-=-=-=-=-=-=-=-=-=-=-=-
2026-02-25 22:47:48|   9.0|  0.0|STATS |==============================================================================
2026-02-25 22:47:48|   9.0|  0.0|STATS |Total Features Written                                                       0
2026-02-25 22:47:48|   9.0|  0.0|STATS |=-=-=-=-=-=-=-=-=-=-=-=-=-=-=-=-=-=-=-=-=-=-=-=-=-=-=-=-=-=-=-=-=-=-=-=-=-=-=-
2026-02-25 22:47:48|   9.0|  0.0|WARN  |-~-~-~-~-~-~-~-~-~-~-~-~-~-~-~-~-~-~-~-~-~-~-~-~-~-~-~-~-~-~-~-~-~-~-~-~-~-~-~-~-
2026-02-25 22:47:48|   9.0|  0.0|WARN  |-~                                                                             ~-
2026-02-25 22:47:48|   9.0|  0.0|WARN  |-~    Feature caches have been recorded at every stage of the translation.     ~-
2026-02-25 22:47:48|   9.0|  0.0|WARN  |-~                      To inspect the recorded features,                      ~-
2026-02-25 22:47:48|   9.0|  0.0|WARN  |-~              click the feature cache icons next to the ports.               ~-
2026-02-25 22:47:48|   9.0|  0.0|WARN  |-~                                                                             ~-
2026-02-25 22:47:48|   9.0|  0.0|WARN  |-~-~-~-~-~-~-~-~-~-~-~-~-~-~-~-~-~-~-~-~-~-~-~-~-~-~-~-~-~-~-~-~-~-~-~-~-~-~-~-~-
2026-02-25 22:47:48|   9.0|  0.0|INFORM|Translation was SUCCESSFUL with 17 warning(s) (0 feature(s) output)
2026-02-25 22:47:48|   9.0|  0.0|INFORM|FME Session Duration: 13.2 seconds. (CPU: 7.6s user, 1.4s system)
2026-02-25 22:47:48|   9.0|  0.0|INFORM|END - ProcessID: 41724, peak process memory usage: 142852 kB, current process memory usage: 99760 kB
